// Jest Snapshot v1, https://goo.gl/fbAQLP

exports[`test Review Reply should match snapshot 1`] = `<DocumentFragment />`;
