// Jest Snapshot v1, https://goo.gl/fbAQLP

exports[`test Review should match snapshot 1`] = `<DocumentFragment />`;
