// Jest Snapshot v1, https://goo.gl/fbAQLP

exports[`test Nav Bar should match snapshot 1`] = `<DocumentFragment />`;

exports[`test Update Review Form should match snapshot 1`] = `<DocumentFragment />`;
