// Jest Snapshot v1, https://goo.gl/fbAQLP

exports[`Test My Page matches snapshot 1`] = `<DocumentFragment />`;
