// Jest Snapshot v1, https://goo.gl/fbAQLP

exports[`test Message Reply should match the snapshot 1`] = `<DocumentFragment />`;
