// Jest Snapshot v1, https://goo.gl/fbAQLP

exports[`test Update User Form should match snapshot 1`] = `
<DocumentFragment>
  <div
    class="ui active transition visible dimmer"
    style="display: flex;"
  >
    <div
      class="content"
    >
      <h1
        class="ui orange header"
      >
        Access not authorized.
      </h1>
      <button
        class="ui red button"
      >
        Go Back
      </button>
    </div>
  </div>
</DocumentFragment>
`;
