// Jest Snapshot v1, https://goo.gl/fbAQLP

exports[`test UserForm matches snapshot 1`] = `
<DocumentFragment>
  <div
    class="ui grid"
  >
    <div
      class="row"
    >
      <div
        class="four wide column"
      >
        <div
          class="ui active transition visible dimmer"
          style="display: flex;"
        >
          <div
            class="content"
          >
            <div
              class="ui text loader"
            >
              Loading...
            </div>
          </div>
        </div>
      </div>
      <div
        class="eight wide column"
      >
        <div
          class="ui raised segment"
        >
          <form
            class="ui form"
            data-testid="user-form"
          >
            <div
              class="required field"
            >
              <label
                for="username"
              >
                Username
              </label>
              <input
                id="username"
                name="username"
                placeholder="username"
                value=""
              />
            </div>
            <div
              class="required field"
            >
              <label
                for="password"
              >
                Password
              </label>
              <input
                id="password"
                name="password"
                placeholder="password"
                type="password"
                value=""
              />
            </div>
            <div
              class="required field"
            >
              <label
                for="firstName"
              >
                First Name
              </label>
              <input
                id="firstName"
                name="firstName"
                placeholder="First Name"
                value=""
              />
            </div>
            <div
              class="required field"
            >
              <label
                for="lastName"
              >
                Last Name
              </label>
              <input
                id="lastName"
                name="lastName"
                placeholder="Last Name"
                value=""
              />
            </div>
            <div
              class="required field"
            >
              <label
                for="email"
              >
                Email
              </label>
              <input
                id="email"
                name="email"
                placeholder="Email"
                type="email"
                value=""
              />
            </div>
            <div
              class="ui two buttons"
            >
              <button
                class="ui green button"
                data-testid="registerButton"
                type="submit"
              >
                Register
              </button>
              <button
                class="ui red button"
                data-testid="cancelButton"
              >
                Cancel
              </button>
            </div>
          </form>
        </div>
      </div>
      <div
        class="four wide column"
      />
    </div>
  </div>
</DocumentFragment>
`;
