// Jest Snapshot v1, https://goo.gl/fbAQLP

exports[`test Photo View matches a snapshot 1`] = `<DocumentFragment />`;
