// Jest Snapshot v1, https://goo.gl/fbAQLP

exports[`test User Photos matches snapshot 1`] = `
<DocumentFragment>
  <div />
</DocumentFragment>
`;
